app/staffprofile.tsx(854,10): error TS17008: JSX element 'SafeAreaView' has no corresponding closing tag.
app/staffprofile.tsx(865,14): error TS17008: JSX element 'ScrollView' has no corresponding closing tag.
app/staffprofile.tsx(1066,15): error TS17002: Expected corresponding JSX closing tag for 'View'.
app/staffprofile.tsx(1091,11): error TS17002: Expected corresponding JSX closing tag for 'View'.
app/staffprofile.tsx(1093,1): error TS1381: Unexpected token. Did you mean `{'}'}` or `&rbrace;`?
app/staffprofile.tsx(1095,67): error TS1005: '}' expected.
app/staffprofile.tsx(1095,116): error TS1381: Unexpected token. Did you mean `{'}'}` or `&rbrace;`?
app/staffprofile.tsx(1095,120): error TS1382: Unexpected token. Did you mean `{'>'}` or `&gt;`?
app/staffprofile.tsx(1108,14): error TS1005: '}' expected.
app/staffprofile.tsx(1108,22): error TS1005: '}' expected.
app/staffprofile.tsx(1108,51): error TS1381: Unexpected token. Did you mean `{'}'}` or `&rbrace;`?
app/staffprofile.tsx(1109,29): error TS1005: '}' expected.
app/staffprofile.tsx(1109,81): error TS1381: Unexpected token. Did you mean `{'}'}` or `&rbrace;`?
app/staffprofile.tsx(1110,29): error TS1005: '}' expected.
app/staffprofile.tsx(1110,49): error TS1381: Unexpected token. Did you mean `{'}'}` or `&rbrace;`?
app/staffprofile.tsx(1111,26): error TS1005: '}' expected.
app/staffprofile.tsx(1111,61): error TS1381: Unexpected token. Did you mean `{'}'}` or `&rbrace;`?
app/staffprofile.tsx(1112,25): error TS1005: '}' expected.
app/staffprofile.tsx(1112,119): error TS1381: Unexpected token. Did you mean `{'}'}` or `&rbrace;`?
app/staffprofile.tsx(1113,30): error TS1005: '}' expected.
app/staffprofile.tsx(1113,38): error TS1381: Unexpected token. Did you mean `{'}'}` or `&rbrace;`?
app/staffprofile.tsx(1115,22): error TS1005: '}' expected.
app/staffprofile.tsx(1122,5): error TS1381: Unexpected token. Did you mean `{'}'}` or `&rbrace;`?
app/staffprofile.tsx(1123,32): error TS1005: '}' expected.
app/staffprofile.tsx(1123,36): error TS1381: Unexpected token. Did you mean `{'}'}` or `&rbrace;`?
app/staffprofile.tsx(1124,28): error TS1005: '}' expected.
app/staffprofile.tsx(1124,67): error TS1381: Unexpected token. Did you mean `{'}'}` or `&rbrace;`?
app/staffprofile.tsx(1125,35): error TS1005: '}' expected.
app/staffprofile.tsx(1125,40): error TS1381: Unexpected token. Did you mean `{'}'}` or `&rbrace;`?
app/staffprofile.tsx(1126,29): error TS1005: '}' expected.
app/staffprofile.tsx(1126,111): error TS1381: Unexpected token. Did you mean `{'}'}` or `&rbrace;`?
app/staffprofile.tsx(1127,31): error TS1005: '}' expected.
app/staffprofile.tsx(1127,61): error TS1381: Unexpected token. Did you mean `{'}'}` or `&rbrace;`?
app/staffprofile.tsx(1128,35): error TS1005: '}' expected.
app/staffprofile.tsx(1128,135): error TS1381: Unexpected token. Did you mean `{'}'}` or `&rbrace;`?
app/staffprofile.tsx(1129,26): error TS1005: '}' expected.
app/staffprofile.tsx(1129,51): error TS1381: Unexpected token. Did you mean `{'}'}` or `&rbrace;`?
app/staffprofile.tsx(1130,30): error TS1005: '}' expected.
app/staffprofile.tsx(1130,82): error TS1381: Unexpected token. Did you mean `{'}'}` or `&rbrace;`?
app/staffprofile.tsx(1131,27): error TS1005: '}' expected.
app/staffprofile.tsx(1131,69): error TS1381: Unexpected token. Did you mean `{'}'}` or `&rbrace;`?
app/staffprofile.tsx(1132,23): error TS1005: '}' expected.
app/staffprofile.tsx(1132,27): error TS1381: Unexpected token. Did you mean `{'}'}` or `&rbrace;`?
app/staffprofile.tsx(1133,26): error TS1005: '}' expected.
app/staffprofile.tsx(1133,65): error TS1381: Unexpected token. Did you mean `{'}'}` or `&rbrace;`?
app/staffprofile.tsx(1134,31): error TS1005: '}' expected.
app/staffprofile.tsx(1134,83): error TS1381: Unexpected token. Did you mean `{'}'}` or `&rbrace;`?
app/staffprofile.tsx(1135,28): error TS1005: '}' expected.
app/staffprofile.tsx(1135,67): error TS1381: Unexpected token. Did you mean `{'}'}` or `&rbrace;`?
app/staffprofile.tsx(1136,30): error TS1005: '}' expected.
app/staffprofile.tsx(1136,61): error TS1381: Unexpected token. Did you mean `{'}'}` or `&rbrace;`?
app/staffprofile.tsx(1137,33): error TS1005: '}' expected.
app/staffprofile.tsx(1137,106): error TS1381: Unexpected token. Did you mean `{'}'}` or `&rbrace;`?
app/staffprofile.tsx(1138,22): error TS1005: '}' expected.
app/staffprofile.tsx(1138,67): error TS1381: Unexpected token. Did you mean `{'}'}` or `&rbrace;`?
app/staffprofile.tsx(1139,31): error TS1005: '}' expected.
app/staffprofile.tsx(1139,104): error TS1381: Unexpected token. Did you mean `{'}'}` or `&rbrace;`?
app/staffprofile.tsx(1140,25): error TS1005: '}' expected.
app/staffprofile.tsx(1140,67): error TS1381: Unexpected token. Did you mean `{'}'}` or `&rbrace;`?
app/staffprofile.tsx(1141,31): error TS1005: '}' expected.
app/staffprofile.tsx(1141,113): error TS1381: Unexpected token. Did you mean `{'}'}` or `&rbrace;`?
app/staffprofile.tsx(1142,35): error TS1005: '}' expected.
app/staffprofile.tsx(1142,139): error TS1381: Unexpected token. Did you mean `{'}'}` or `&rbrace;`?
app/staffprofile.tsx(1143,39): error TS1005: '}' expected.
app/staffprofile.tsx(1143,78): error TS1381: Unexpected token. Did you mean `{'}'}` or `&rbrace;`?
app/staffprofile.tsx(1144,34): error TS1005: '}' expected.
app/staffprofile.tsx(1144,73): error TS1381: Unexpected token. Did you mean `{'}'}` or `&rbrace;`?
app/staffprofile.tsx(1145,34): error TS1005: '}' expected.
app/staffprofile.tsx(1145,85): error TS1381: Unexpected token. Did you mean `{'}'}` or `&rbrace;`?
app/staffprofile.tsx(1146,34): error TS1005: '}' expected.
app/staffprofile.tsx(1146,151): error TS1381: Unexpected token. Did you mean `{'}'}` or `&rbrace;`?
app/staffprofile.tsx(1147,22): error TS1005: '}' expected.
app/staffprofile.tsx(1147,74): error TS1381: Unexpected token. Did you mean `{'}'}` or `&rbrace;`?
app/staffprofile.tsx(1148,29): error TS1005: '}' expected.
app/staffprofile.tsx(1148,77): error TS1381: Unexpected token. Did you mean `{'}'}` or `&rbrace;`?
app/staffprofile.tsx(1149,22): error TS1005: '}' expected.
app/staffprofile.tsx(1149,150): error TS1381: Unexpected token. Did you mean `{'}'}` or `&rbrace;`?
app/staffprofile.tsx(1150,24): error TS1005: '}' expected.
app/staffprofile.tsx(1150,28): error TS1381: Unexpected token. Did you mean `{'}'}` or `&rbrace;`?
app/staffprofile.tsx(1151,26): error TS1005: '}' expected.
app/staffprofile.tsx(1151,65): error TS1381: Unexpected token. Did you mean `{'}'}` or `&rbrace;`?
app/staffprofile.tsx(1152,26): error TS1005: '}' expected.
app/staffprofile.tsx(1152,79): error TS1381: Unexpected token. Did you mean `{'}'}` or `&rbrace;`?
app/staffprofile.tsx(1153,30): error TS1005: '}' expected.
app/staffprofile.tsx(1153,87): error TS1381: Unexpected token. Did you mean `{'}'}` or `&rbrace;`?
app/staffprofile.tsx(1154,26): error TS1005: '}' expected.
app/staffprofile.tsx(1154,94): error TS1381: Unexpected token. Did you mean `{'}'}` or `&rbrace;`?
app/staffprofile.tsx(1155,30): error TS1005: '}' expected.
app/staffprofile.tsx(1155,206): error TS1381: Unexpected token. Did you mean `{'}'}` or `&rbrace;`?
app/staffprofile.tsx(1156,23): error TS1005: '}' expected.
app/staffprofile.tsx(1156,65): error TS1381: Unexpected token. Did you mean `{'}'}` or `&rbrace;`?
app/staffprofile.tsx(1159,45): error TS1005: '}' expected.
app/staffprofile.tsx(1159,98): error TS1381: Unexpected token. Did you mean `{'}'}` or `&rbrace;`?
app/staffprofile.tsx(1160,21): error TS1005: '}' expected.
app/staffprofile.tsx(1160,123): error TS1381: Unexpected token. Did you mean `{'}'}` or `&rbrace;`?
app/staffprofile.tsx(1161,28): error TS1005: '}' expected.
app/staffprofile.tsx(1161,111): error TS1381: Unexpected token. Did you mean `{'}'}` or `&rbrace;`?
app/staffprofile.tsx(1162,26): error TS1005: '}' expected.
app/staffprofile.tsx(1162,93): error TS1381: Unexpected token. Did you mean `{'}'}` or `&rbrace;`?
app/staffprofile.tsx(1163,26): error TS1005: '}' expected.
app/staffprofile.tsx(1163,50): error TS1381: Unexpected token. Did you mean `{'}'}` or `&rbrace;`?
app/staffprofile.tsx(1166,27): error TS1005: '}' expected.
app/staffprofile.tsx(1166,41): error TS1381: Unexpected token. Did you mean `{'}'}` or `&rbrace;`?
app/staffprofile.tsx(1167,31): error TS1005: '}' expected.
app/staffprofile.tsx(1167,153): error TS1381: Unexpected token. Did you mean `{'}'}` or `&rbrace;`?
app/staffprofile.tsx(1168,25): error TS1005: '}' expected.
app/staffprofile.tsx(1168,29): error TS1381: Unexpected token. Did you mean `{'}'}` or `&rbrace;`?
app/staffprofile.tsx(1169,26): error TS1005: '}' expected.
app/staffprofile.tsx(1169,65): error TS1381: Unexpected token. Did you mean `{'}'}` or `&rbrace;`?
app/staffprofile.tsx(1170,25): error TS1005: '}' expected.
app/staffprofile.tsx(1170,64): error TS1381: Unexpected token. Did you mean `{'}'}` or `&rbrace;`?
app/staffprofile.tsx(1171,36): error TS1005: '}' expected.
app/staffprofile.tsx(1171,53): error TS1381: Unexpected token. Did you mean `{'}'}` or `&rbrace;`?
app/staffprofile.tsx(1172,30): error TS1005: '}' expected.
app/staffprofile.tsx(1172,68): error TS1381: Unexpected token. Did you mean `{'}'}` or `&rbrace;`?
app/staffprofile.tsx(1173,30): error TS1005: '}' expected.
app/staffprofile.tsx(1173,69): error TS1381: Unexpected token. Did you mean `{'}'}` or `&rbrace;`?
app/staffprofile.tsx(1176,33): error TS1005: '}' expected.
app/staffprofile.tsx(1176,129): error TS1381: Unexpected token. Did you mean `{'}'}` or `&rbrace;`?
app/staffprofile.tsx(1177,31): error TS1005: '}' expected.
app/staffprofile.tsx(1177,116): error TS1381: Unexpected token. Did you mean `{'}'}` or `&rbrace;`?
app/staffprofile.tsx(1178,38): error TS1005: '}' expected.
app/staffprofile.tsx(1178,68): error TS1381: Unexpected token. Did you mean `{'}'}` or `&rbrace;`?
app/staffprofile.tsx(1179,24): error TS1005: '}' expected.
app/staffprofile.tsx(1179,73): error TS1381: Unexpected token. Did you mean `{'}'}` or `&rbrace;`?
app/staffprofile.tsx(1180,29): error TS1005: '}' expected.
app/staffprofile.tsx(1180,84): error TS1381: Unexpected token. Did you mean `{'}'}` or `&rbrace;`?
app/staffprofile.tsx(1181,29): error TS1005: '}' expected.
app/staffprofile.tsx(1181,53): error TS1381: Unexpected token. Did you mean `{'}'}` or `&rbrace;`?
app/staffprofile.tsx(1182,26): error TS1005: '}' expected.
app/staffprofile.tsx(1182,31): error TS1381: Unexpected token. Did you mean `{'}'}` or `&rbrace;`?
app/staffprofile.tsx(1183,34): error TS1005: '}' expected.
app/staffprofile.tsx(1183,139): error TS1381: Unexpected token. Did you mean `{'}'}` or `&rbrace;`?
app/staffprofile.tsx(1184,30): error TS1005: '}' expected.
app/staffprofile.tsx(1184,62): error TS1381: Unexpected token. Did you mean `{'}'}` or `&rbrace;`?
app/staffprofile.tsx(1185,23): error TS1005: '}' expected.
app/staffprofile.tsx(1185,65): error TS1381: Unexpected token. Did you mean `{'}'}` or `&rbrace;`?
app/staffprofile.tsx(1186,31): error TS1005: '}' expected.
app/staffprofile.tsx(1186,134): error TS1381: Unexpected token. Did you mean `{'}'}` or `&rbrace;`?
app/staffprofile.tsx(1187,21): error TS1005: '}' expected.
app/staffprofile.tsx(1187,48): error TS1381: Unexpected token. Did you mean `{'}'}` or `&rbrace;`?
app/staffprofile.tsx(1188,26): error TS1005: '}' expected.
app/staffprofile.tsx(1188,65): error TS1381: Unexpected token. Did you mean `{'}'}` or `&rbrace;`?
app/staffprofile.tsx(1189,28): error TS1005: '}' expected.
app/staffprofile.tsx(1189,95): error TS1381: Unexpected token. Did you mean `{'}'}` or `&rbrace;`?
app/staffprofile.tsx(1190,22): error TS1005: '}' expected.
app/staffprofile.tsx(1190,43): error TS1381: Unexpected token. Did you mean `{'}'}` or `&rbrace;`?
app/staffprofile.tsx(1191,29): error TS1005: '}' expected.
app/staffprofile.tsx(1191,105): error TS1381: Unexpected token. Did you mean `{'}'}` or `&rbrace;`?
app/staffprofile.tsx(1192,32): error TS1005: '}' expected.
app/staffprofile.tsx(1192,56): error TS1381: Unexpected token. Did you mean `{'}'}` or `&rbrace;`?
app/staffprofile.tsx(1193,27): error TS1005: '}' expected.
app/staffprofile.tsx(1193,80): error TS1381: Unexpected token. Did you mean `{'}'}` or `&rbrace;`?
app/staffprofile.tsx(1194,28): error TS1005: '}' expected.
app/staffprofile.tsx(1194,41): error TS1381: Unexpected token. Did you mean `{'}'}` or `&rbrace;`?
app/staffprofile.tsx(1195,29): error TS1005: '}' expected.
app/staffprofile.tsx(1195,71): error TS1381: Unexpected token. Did you mean `{'}'}` or `&rbrace;`?
app/staffprofile.tsx(1196,33): error TS1005: '}' expected.
app/staffprofile.tsx(1196,45): error TS1381: Unexpected token. Did you mean `{'}'}` or `&rbrace;`?
app/staffprofile.tsx(1197,32): error TS1005: '}' expected.
app/staffprofile.tsx(1197,44): error TS1381: Unexpected token. Did you mean `{'}'}` or `&rbrace;`?
app/staffprofile.tsx(1198,33): error TS1005: '}' expected.
app/staffprofile.tsx(1198,45): error TS1381: Unexpected token. Did you mean `{'}'}` or `&rbrace;`?
app/staffprofile.tsx(1199,31): error TS1005: '}' expected.
app/staffprofile.tsx(1199,43): error TS1381: Unexpected token. Did you mean `{'}'}` or `&rbrace;`?
app/staffprofile.tsx(1200,25): error TS1005: '}' expected.
app/staffprofile.tsx(1200,37): error TS1381: Unexpected token. Did you mean `{'}'}` or `&rbrace;`?
app/staffprofile.tsx(1201,24): error TS1005: '}' expected.
app/staffprofile.tsx(1201,36): error TS1381: Unexpected token. Did you mean `{'}'}` or `&rbrace;`?
app/staffprofile.tsx(1202,25): error TS1005: '}' expected.
app/staffprofile.tsx(1202,37): error TS1381: Unexpected token. Did you mean `{'}'}` or `&rbrace;`?
app/staffprofile.tsx(1203,23): error TS1005: '}' expected.
app/staffprofile.tsx(1203,35): error TS1381: Unexpected token. Did you mean `{'}'}` or `&rbrace;`?
app/staffprofile.tsx(1207,15): error TS1005: '}' expected.
app/staffprofile.tsx(1215,30): error TS1005: '}' expected.
app/staffprofile.tsx(1215,45): error TS1381: Unexpected token. Did you mean `{'}'}` or `&rbrace;`?
app/staffprofile.tsx(1216,5): error TS1381: Unexpected token. Did you mean `{'}'}` or `&rbrace;`?
app/staffprofile.tsx(1218,22): error TS1005: '}' expected.
app/staffprofile.tsx(1222,5): error TS1381: Unexpected token. Did you mean `{'}'}` or `&rbrace;`?
app/staffprofile.tsx(1224,16): error TS1005: '}' expected.
app/staffprofile.tsx(1227,5): error TS1381: Unexpected token. Did you mean `{'}'}` or `&rbrace;`?
app/staffprofile.tsx(1229,17): error TS1005: '}' expected.
app/staffprofile.tsx(1232,5): error TS1381: Unexpected token. Did you mean `{'}'}` or `&rbrace;`?
app/staffprofile.tsx(1234,22): error TS1005: '}' expected.
app/staffprofile.tsx(1237,5): error TS1381: Unexpected token. Did you mean `{'}'}` or `&rbrace;`?
app/staffprofile.tsx(1239,14): error TS1005: '}' expected.
app/staffprofile.tsx(1244,5): error TS1381: Unexpected token. Did you mean `{'}'}` or `&rbrace;`?
app/staffprofile.tsx(1246,22): error TS1005: '}' expected.
app/staffprofile.tsx(1249,5): error TS1381: Unexpected token. Did you mean `{'}'}` or `&rbrace;`?
app/staffprofile.tsx(1251,14): error TS1005: '}' expected.
app/staffprofile.tsx(1256,5): error TS1381: Unexpected token. Did you mean `{'}'}` or `&rbrace;`?
app/staffprofile.tsx(1258,14): error TS1005: '}' expected.
app/staffprofile.tsx(1263,5): error TS1381: Unexpected token. Did you mean `{'}'}` or `&rbrace;`?
app/staffprofile.tsx(1265,17): error TS1005: '}' expected.
app/staffprofile.tsx(1267,5): error TS1381: Unexpected token. Did you mean `{'}'}` or `&rbrace;`?
app/staffprofile.tsx(1269,14): error TS1005: '}' expected.
app/staffprofile.tsx(1275,5): error TS1381: Unexpected token. Did you mean `{'}'}` or `&rbrace;`?
app/staffprofile.tsx(1277,17): error TS1005: '}' expected.
app/staffprofile.tsx(1284,5): error TS1381: Unexpected token. Did you mean `{'}'}` or `&rbrace;`?
app/staffprofile.tsx(1286,22): error TS1005: '}' expected.
app/staffprofile.tsx(1294,5): error TS1381: Unexpected token. Did you mean `{'}'}` or `&rbrace;`?
app/staffprofile.tsx(1296,22): error TS1005: '}' expected.
app/staffprofile.tsx(1299,5): error TS1381: Unexpected token. Did you mean `{'}'}` or `&rbrace;`?
app/staffprofile.tsx(1301,14): error TS1005: '}' expected.
app/staffprofile.tsx(1304,5): error TS1381: Unexpected token. Did you mean `{'}'}` or `&rbrace;`?
app/staffprofile.tsx(1306,14): error TS1005: '}' expected.
app/staffprofile.tsx(1311,5): error TS1381: Unexpected token. Did you mean `{'}'}` or `&rbrace;`?
app/staffprofile.tsx(1313,17): error TS1005: '}' expected.
app/staffprofile.tsx(1316,5): error TS1381: Unexpected token. Did you mean `{'}'}` or `&rbrace;`?
app/staffprofile.tsx(1318,18): error TS1005: '}' expected.
app/staffprofile.tsx(1324,5): error TS1381: Unexpected token. Did you mean `{'}'}` or `&rbrace;`?
app/staffprofile.tsx(1326,22): error TS1005: '}' expected.
app/staffprofile.tsx(1330,5): error TS1381: Unexpected token. Did you mean `{'}'}` or `&rbrace;`?
app/staffprofile.tsx(1332,17): error TS1005: '}' expected.
app/staffprofile.tsx(1335,5): error TS1381: Unexpected token. Did you mean `{'}'}` or `&rbrace;`?
app/staffprofile.tsx(1337,12): error TS1005: '}' expected.
app/staffprofile.tsx(1338,5): error TS1381: Unexpected token. Did you mean `{'}'}` or `&rbrace;`?
app/staffprofile.tsx(1340,22): error TS1005: '}' expected.
app/staffprofile.tsx(1343,5): error TS1381: Unexpected token. Did you mean `{'}'}` or `&rbrace;`?
app/staffprofile.tsx(1345,17): error TS1005: '}' expected.
app/staffprofile.tsx(1348,5): error TS1381: Unexpected token. Did you mean `{'}'}` or `&rbrace;`?
app/staffprofile.tsx(1350,17): error TS1005: '}' expected.
app/staffprofile.tsx(1353,5): error TS1381: Unexpected token. Did you mean `{'}'}` or `&rbrace;`?
app/staffprofile.tsx(1355,15): error TS1005: '}' expected.
app/staffprofile.tsx(1358,5): error TS1381: Unexpected token. Did you mean `{'}'}` or `&rbrace;`?
app/staffprofile.tsx(1360,17): error TS1005: '}' expected.
app/staffprofile.tsx(1363,5): error TS1381: Unexpected token. Did you mean `{'}'}` or `&rbrace;`?
app/staffprofile.tsx(1365,17): error TS1005: '}' expected.
app/staffprofile.tsx(1368,5): error TS1381: Unexpected token. Did you mean `{'}'}` or `&rbrace;`?
app/staffprofile.tsx(1370,24): error TS1005: '}' expected.
app/staffprofile.tsx(1375,5): error TS1381: Unexpected token. Did you mean `{'}'}` or `&rbrace;`?
app/staffprofile.tsx(1377,17): error TS1005: '}' expected.
app/staffprofile.tsx(1382,5): error TS1381: Unexpected token. Did you mean `{'}'}` or `&rbrace;`?
app/staffprofile.tsx(1384,25): error TS1005: '}' expected.
app/staffprofile.tsx(1391,5): error TS1381: Unexpected token. Did you mean `{'}'}` or `&rbrace;`?
app/staffprofile.tsx(1393,22): error TS1005: '}' expected.
app/staffprofile.tsx(1396,5): error TS1381: Unexpected token. Did you mean `{'}'}` or `&rbrace;`?
app/staffprofile.tsx(1398,17): error TS1005: '}' expected.
app/staffprofile.tsx(1401,5): error TS1381: Unexpected token. Did you mean `{'}'}` or `&rbrace;`?
app/staffprofile.tsx(1403,17): error TS1005: '}' expected.
app/staffprofile.tsx(1405,5): error TS1381: Unexpected token. Did you mean `{'}'}` or `&rbrace;`?
app/staffprofile.tsx(1407,17): error TS1005: '}' expected.
app/staffprofile.tsx(1411,5): error TS1381: Unexpected token. Did you mean `{'}'}` or `&rbrace;`?
app/staffprofile.tsx(1413,21): error TS1005: '}' expected.
app/staffprofile.tsx(1414,5): error TS1381: Unexpected token. Did you mean `{'}'}` or `&rbrace;`?
app/staffprofile.tsx(1416,17): error TS1005: '}' expected.
app/staffprofile.tsx(1425,5): error TS1381: Unexpected token. Did you mean `{'}'}` or `&rbrace;`?
app/staffprofile.tsx(1427,22): error TS1005: '}' expected.
app/staffprofile.tsx(1432,5): error TS1381: Unexpected token. Did you mean `{'}'}` or `&rbrace;`?
app/staffprofile.tsx(1434,13): error TS1005: '}' expected.
app/staffprofile.tsx(1437,5): error TS1381: Unexpected token. Did you mean `{'}'}` or `&rbrace;`?
app/staffprofile.tsx(1439,26): error TS1005: '}' expected.
app/staffprofile.tsx(1443,5): error TS1381: Unexpected token. Did you mean `{'}'}` or `&rbrace;`?
app/staffprofile.tsx(1445,17): error TS1005: '}' expected.
app/staffprofile.tsx(1447,5): error TS1381: Unexpected token. Did you mean `{'}'}` or `&rbrace;`?
app/staffprofile.tsx(1449,17): error TS1005: '}' expected.
app/staffprofile.tsx(1452,5): error TS1381: Unexpected token. Did you mean `{'}'}` or `&rbrace;`?
app/staffprofile.tsx(1454,14): error TS1005: '}' expected.
app/staffprofile.tsx(1459,5): error TS1381: Unexpected token. Did you mean `{'}'}` or `&rbrace;`?
app/staffprofile.tsx(1461,19): error TS1005: '}' expected.
app/staffprofile.tsx(1463,5): error TS1381: Unexpected token. Did you mean `{'}'}` or `&rbrace;`?
app/staffprofile.tsx(1465,16): error TS1005: '}' expected.
app/staffprofile.tsx(1468,5): error TS1381: Unexpected token. Did you mean `{'}'}` or `&rbrace;`?
app/staffprofile.tsx(1470,17): error TS1005: '}' expected.
app/staffprofile.tsx(1484,30): error TS1005: '}' expected.
app/staffprofile.tsx(1484,46): error TS1381: Unexpected token. Did you mean `{'}'}` or `&rbrace;`?
app/staffprofile.tsx(1485,5): error TS1381: Unexpected token. Did you mean `{'}'}` or `&rbrace;`?
app/staffprofile.tsx(1487,13): error TS1005: '}' expected.
app/staffprofile.tsx(1494,5): error TS1381: Unexpected token. Did you mean `{'}'}` or `&rbrace;`?
app/staffprofile.tsx(1496,24): error TS1005: '}' expected.
app/staffprofile.tsx(1497,5): error TS1381: Unexpected token. Did you mean `{'}'}` or `&rbrace;`?
app/staffprofile.tsx(1499,24): error TS1005: '}' expected.
app/staffprofile.tsx(1500,5): error TS1381: Unexpected token. Did you mean `{'}'}` or `&rbrace;`?
app/staffprofile.tsx(1502,14): error TS1005: '}' expected.
app/staffprofile.tsx(1505,5): error TS1381: Unexpected token. Did you mean `{'}'}` or `&rbrace;`?
app/staffprofile.tsx(1507,13): error TS1005: '}' expected.
app/staffprofile.tsx(1510,5): error TS1381: Unexpected token. Did you mean `{'}'}` or `&rbrace;`?
app/staffprofile.tsx(1512,24): error TS1005: '}' expected.
app/staffprofile.tsx(1517,5): error TS1381: Unexpected token. Did you mean `{'}'}` or `&rbrace;`?
app/staffprofile.tsx(1519,22): error TS1005: '}' expected.
app/staffprofile.tsx(1523,5): error TS1381: Unexpected token. Did you mean `{'}'}` or `&rbrace;`?
app/staffprofile.tsx(1525,17): error TS1005: '}' expected.
app/staffprofile.tsx(1527,5): error TS1381: Unexpected token. Did you mean `{'}'}` or `&rbrace;`?
app/staffprofile.tsx(1529,12): error TS1005: '}' expected.
app/staffprofile.tsx(1530,5): error TS1381: Unexpected token. Did you mean `{'}'}` or `&rbrace;`?
app/staffprofile.tsx(1532,12): error TS1005: '}' expected.
app/staffprofile.tsx(1533,5): error TS1381: Unexpected token. Did you mean `{'}'}` or `&rbrace;`?
app/staffprofile.tsx(1535,17): error TS1005: '}' expected.
app/staffprofile.tsx(1538,5): error TS1381: Unexpected token. Did you mean `{'}'}` or `&rbrace;`?
app/staffprofile.tsx(1540,15): error TS1005: '}' expected.
app/staffprofile.tsx(1548,5): error TS1381: Unexpected token. Did you mean `{'}'}` or `&rbrace;`?
app/staffprofile.tsx(1550,15): error TS1005: '}' expected.
app/staffprofile.tsx(1558,5): error TS1381: Unexpected token. Did you mean `{'}'}` or `&rbrace;`?
app/staffprofile.tsx(1560,14): error TS1005: '}' expected.
app/staffprofile.tsx(1562,5): error TS1381: Unexpected token. Did you mean `{'}'}` or `&rbrace;`?
app/staffprofile.tsx(1564,17): error TS1005: '}' expected.
app/staffprofile.tsx(1568,5): error TS1381: Unexpected token. Did you mean `{'}'}` or `&rbrace;`?
app/staffprofile.tsx(1570,15): error TS1005: '}' expected.
app/staffprofile.tsx(1576,5): error TS1381: Unexpected token. Did you mean `{'}'}` or `&rbrace;`?
app/staffprofile.tsx(1578,14): error TS1005: '}' expected.
app/staffprofile.tsx(1581,5): error TS1381: Unexpected token. Did you mean `{'}'}` or `&rbrace;`?
app/staffprofile.tsx(1582,1): error TS1381: Unexpected token. Did you mean `{'}'}` or `&rbrace;`?
app/staffprofile.tsx(1583,1): error TS1005: '</' expected.
